2026-08-10 03:59:30.669 +00:00 [INF] tig-syntax·daemon: CONNSTATS '{"cwd":"/home/at/code/system/tig","sections":17,"ms":208,"eld_mean_ms":13.2,"eld_p99_ms":20.3,"eld_max_ms":20.3,"rss_mb":129,"heap_mb":22,"external_mb":7,"stats":{"blob_cache_miss":16,"batcher_spawn":1,"textconv_call":16,"textconv_spawn":16,"lang_load":8}}'
2026-08-10 03:59:30.716 +00:00 [INF] tig-syntax·daemon: CONNSTATS '{"cwd":"/home/at/code/system/tig","sections":17,"ms":42,"eld_mean_ms":null,"eld_p99_ms":0,"eld_max_ms":0,"rss_mb":129,"heap_mb":26,"external_mb":7,"stats":{"blob_cache_hit":16,"textconv_call":16}}'
2026-08-10 03:59:30.760 +00:00 [INF] tig-syntax·daemon: CONNSTATS '{"cwd":"/home/at/code/system/tig","sections":17,"ms":42,"eld_mean_ms":null,"eld_p99_ms":0,"eld_max_ms":0,"rss_mb":130,"heap_mb":29,"external_mb":8,"stats":{"blob_cache_hit":16,"textconv_call":16}}'
2026-08-10 03:59:30.810 +00:00 [INF] tig-syntax·daemon: CONNSTATS '{"cwd":"/home/at/code/system/tig","sections":17,"ms":43,"eld_mean_ms":null,"eld_p99_ms":0,"eld_max_ms":0,"rss_mb":134,"heap_mb":32,"external_mb":8,"stats":{"blob_cache_hit":16,"textconv_call":16}}'
2026-08-10 03:59:30.862 +00:00 [INF] tig-syntax·daemon: CONNSTATS '{"cwd":"/home/at/code/system/tig","sections":17,"ms":46,"eld_mean_ms":null,"eld_p99_ms":0,"eld_max_ms":0,"rss_mb":139,"heap_mb":24,"external_mb":9,"stats":{"blob_cache_hit":16,"textconv_call":16}}'
2026-08-10 03:59:30.901 +00:00 [INF] tig-syntax·daemon: CONNSTATS '{"cwd":"/home/at/code/system/tig","sections":17,"ms":35,"eld_mean_ms":null,"eld_p99_ms":0,"eld_max_ms":0,"rss_mb":139,"heap_mb":27,"external_mb":8,"stats":{"blob_cache_hit":16,"textconv_call":16}}'
2026-08-10 03:59:31.379 +00:00 [INF] tig-syntax·daemon: CONNSTATS '{"cwd":"/home/at/code/system/tig","sections":4,"ms":175,"eld_mean_ms":16.13,"eld_p99_ms":52.89,"eld_max_ms":52.89,"rss_mb":172,"heap_mb":16,"external_mb":28,"stats":{"blob_cache_miss":6,"textconv_call":3,"textconv_spawn":3}}'
2026-08-10 03:59:31.479 +00:00 [INF] tig-syntax·daemon: CONNSTATS '{"cwd":"/home/at/code/system/tig","sections":4,"ms":92,"eld_mean_ms":19.2,"eld_p99_ms":37.49,"eld_max_ms":37.49,"rss_mb":179,"heap_mb":21,"external_mb":36,"stats":{"blob_cache_hit":6,"textconv_call":3}}'
2026-08-10 03:59:31.588 +00:00 [INF] tig-syntax·daemon: CONNSTATS '{"cwd":"/home/at/code/system/tig","sections":4,"ms":101,"eld_mean_ms":17.23,"eld_p99_ms":45.19,"eld_max_ms":45.19,"rss_mb":185,"heap_mb":31,"external_mb":40,"stats":{"blob_cache_hit":6,"textconv_call":3}}'
2026-08-10 03:59:31.722 +00:00 [INF] tig-syntax·daemon: CONNSTATS '{"cwd":"/home/at/code/system/tig","sections":4,"ms":126,"eld_mean_ms":18.68,"eld_p99_ms":59.51,"eld_max_ms":59.51,"rss_mb":202,"heap_mb":30,"external_mb":49,"stats":{"blob_cache_hit":6,"textconv_call":3}}'
2026-08-10 03:59:31.822 +00:00 [INF] tig-syntax·daemon: CONNSTATS '{"cwd":"/home/at/code/system/tig","sections":4,"ms":91,"eld_mean_ms":15.17,"eld_p99_ms":36.27,"eld_max_ms":36.27,"rss_mb":206,"heap_mb":48,"external_mb":45,"stats":{"blob_cache_hit":6,"textconv_call":3}}'
2026-08-10 03:59:31.938 +00:00 [INF] tig-syntax·daemon: CONNSTATS '{"cwd":"/home/at/code/system/tig","sections":4,"ms":108,"eld_mean_ms":18.65,"eld_p99_ms":50.36,"eld_max_ms":50.36,"rss_mb":228,"heap_mb":66,"external_mb":63,"stats":{"blob_cache_hit":6,"textconv_call":3}}'
2026-08-10 03:59:32.323 +00:00 [INF] tig-syntax·daemon: CONNSTATS '{"cwd":"/tmp/tigbench/synth","sections":2,"ms":132,"eld_mean_ms":11.47,"eld_p99_ms":16.47,"eld_max_ms":16.47,"rss_mb":250,"heap_mb":45,"external_mb":75,"stats":{"blob_cache_miss":2,"batcher_spawn":1,"textconv_call":1,"textconv_spawn":1}}'
2026-08-10 03:59:32.401 +00:00 [INF] tig-syntax·daemon: CONNSTATS '{"cwd":"/tmp/tigbench/synth","sections":2,"ms":71,"eld_mean_ms":9.84,"eld_p99_ms":10.13,"eld_max_ms":10.13,"rss_mb":261,"heap_mb":52,"external_mb":83,"stats":{"blob_cache_hit":2,"textconv_call":1}}'
2026-08-10 03:59:32.489 +00:00 [INF] tig-syntax·daemon: CONNSTATS '{"cwd":"/tmp/tigbench/synth","sections":2,"ms":86,"eld_mean_ms":9.98,"eld_p99_ms":10.13,"eld_max_ms":10.13,"rss_mb":275,"heap_mb":58,"external_mb":90,"stats":{"blob_cache_hit":2,"textconv_call":1}}'
2026-08-10 03:59:32.593 +00:00 [INF] tig-syntax·daemon: CONNSTATS '{"cwd":"/tmp/tigbench/synth","sections":2,"ms":97,"eld_mean_ms":10.08,"eld_p99_ms":10.09,"eld_max_ms":10.09,"rss_mb":288,"heap_mb":64,"external_mb":98,"stats":{"blob_cache_hit":2,"textconv_call":1}}'
2026-08-10 03:59:32.676 +00:00 [INF] tig-syntax·daemon: CONNSTATS '{"cwd":"/tmp/tigbench/synth","sections":2,"ms":77,"eld_mean_ms":10.08,"eld_p99_ms":10.08,"eld_max_ms":10.08,"rss_mb":285,"heap_mb":29,"external_mb":40,"stats":{"blob_cache_hit":2,"textconv_call":1}}'
2026-08-10 03:59:32.757 +00:00 [INF] tig-syntax·daemon: CONNSTATS '{"cwd":"/tmp/tigbench/synth","sections":2,"ms":75,"eld_mean_ms":10.1,"eld_p99_ms":10.17,"eld_max_ms":10.17,"rss_mb":285,"heap_mb":35,"external_mb":48,"stats":{"blob_cache_hit":2,"textconv_call":1}}'
2026-08-10 03:59:35.399 +00:00 [INF] tig-syntax·daemon: CONNSTATS '{"cwd":"/home/at/code/system/tig","sections":17,"ms":1591,"eld_mean_ms":96.56,"eld_p99_ms":457.97,"eld_max_ms":457.97,"rss_mb":223,"heap_mb":39,"external_mb":8,"stats":{"blob_cache_miss":16,"batcher_spawn":1,"textconv_call":16,"textconv_spawn":16,"line_cache_miss":15,"tokenize_call":15,"tokenize_ms":1315.03,"tokenize_line":3741,"lang_load":8}}'
2026-08-10 03:59:35.456 +00:00 [INF] tig-syntax·daemon: CONNSTATS '{"cwd":"/home/at/code/system/tig","sections":17,"ms":52,"eld_mean_ms":37.44,"eld_p99_ms":37.45,"eld_max_ms":37.45,"rss_mb":225,"heap_mb":30,"external_mb":9,"stats":{"blob_cache_hit":16,"textconv_call":16,"line_cache_hit":15}}'
2026-08-10 03:59:35.506 +00:00 [INF] tig-syntax·daemon: CONNSTATS '{"cwd":"/home/at/code/system/tig","sections":17,"ms":43,"eld_mean_ms":null,"eld_p99_ms":0,"eld_max_ms":0,"rss_mb":226,"heap_mb":35,"external_mb":10,"stats":{"blob_cache_hit":16,"textconv_call":16,"line_cache_hit":15}}'
2026-08-10 03:59:35.556 +00:00 [INF] tig-syntax·daemon: CONNSTATS '{"cwd":"/home/at/code/system/tig","sections":17,"ms":44,"eld_mean_ms":null,"eld_p99_ms":0,"eld_max_ms":0,"rss_mb":228,"heap_mb":27,"external_mb":11,"stats":{"blob_cache_hit":16,"textconv_call":16,"line_cache_hit":15}}'
2026-08-10 03:59:35.606 +00:00 [INF] tig-syntax·daemon: CONNSTATS '{"cwd":"/home/at/code/system/tig","sections":17,"ms":44,"eld_mean_ms":null,"eld_p99_ms":0,"eld_max_ms":0,"rss_mb":228,"heap_mb":31,"external_mb":9,"stats":{"blob_cache_hit":16,"textconv_call":16,"line_cache_hit":15}}'
2026-08-10 03:59:35.657 +00:00 [INF] tig-syntax·daemon: CONNSTATS '{"cwd":"/home/at/code/system/tig","sections":17,"ms":45,"eld_mean_ms":null,"eld_p99_ms":0,"eld_max_ms":0,"rss_mb":229,"heap_mb":36,"external_mb":10,"stats":{"blob_cache_hit":16,"textconv_call":16,"line_cache_hit":15}}'
2026-08-10 03:59:59.121 +00:00 [INF] tig-syntax·daemon: CONNSTATS '{"cwd":"/home/at/code/system/tig","sections":4,"ms":23164,"eld_mean_ms":107.4,"eld_p99_ms":428.87,"eld_max_ms":428.87,"rss_mb":600,"heap_mb":316,"external_mb":81,"stats":{"blob_cache_miss":6,"textconv_call":3,"textconv_spawn":3,"line_cache_miss":6,"tokenize_call":6,"tokenize_ms":22222.15,"tokenize_line":36971}}'
2026-08-10 03:59:59.122 +00:00 [INF] tig-syntax·daemon: CONNSTATS '{"cwd":"/home/at/code/system/tig","sections":4,"ms":23166,"eld_mean_ms":107.4,"eld_p99_ms":428.87,"eld_max_ms":428.87,"rss_mb":600,"heap_mb":316,"external_mb":81,"stats":{"blob_cache_miss":6,"textconv_call":3,"textconv_spawn":3,"line_cache_miss":6,"tokenize_call":6,"tokenize_ms":22222.15,"tokenize_line":36971}}'
2026-08-10 03:59:59.289 +00:00 [INF] tig-syntax·daemon: CONNSTATS '{"cwd":"/home/at/code/system/tig","sections":4,"ms":165,"eld_mean_ms":44.99,"eld_p99_ms":115.28,"eld_max_ms":115.28,"rss_mb":612,"heap_mb":69,"external_mb":111,"stats":{"blob_cache_hit":6,"textconv_call":3,"line_cache_hit":6}}'
2026-08-10 03:59:59.472 +00:00 [INF] tig-syntax·daemon: CONNSTATS '{"cwd":"/home/at/code/system/tig","sections":4,"ms":173,"eld_mean_ms":19.24,"eld_p99_ms":77.27,"eld_max_ms":77.27,"rss_mb":617,"heap_mb":67,"external_mb":118,"stats":{"blob_cache_hit":6,"textconv_call":3,"line_cache_hit":6}}'
2026-08-10 03:59:59.668 +00:00 [INF] tig-syntax·daemon: CONNSTATS '{"cwd":"/home/at/code/system/tig","sections":4,"ms":184,"eld_mean_ms":21.24,"eld_p99_ms":97.12,"eld_max_ms":97.12,"rss_mb":642,"heap_mb":63,"external_mb":114,"stats":{"blob_cache_hit":6,"textconv_call":3,"line_cache_hit":6}}'
2026-08-10 03:59:59.851 +00:00 [INF] tig-syntax·daemon: CONNSTATS '{"cwd":"/home/at/code/system/tig","sections":4,"ms":172,"eld_mean_ms":19.33,"eld_p99_ms":80.35,"eld_max_ms":80.35,"rss_mb":643,"heap_mb":63,"external_mb":114,"stats":{"blob_cache_hit":6,"textconv_call":3,"line_cache_hit":6}}'
2026-08-10 04:00:00.028 +00:00 [INF] tig-syntax·daemon: CONNSTATS '{"cwd":"/home/at/code/system/tig","sections":4,"ms":165,"eld_mean_ms":18.99,"eld_p99_ms":80.48,"eld_max_ms":80.48,"rss_mb":643,"heap_mb":63,"external_mb":114,"stats":{"blob_cache_hit":6,"textconv_call":3,"line_cache_hit":6}}'
2026-08-10 04:00:00.493 +00:00 [INF] tig-syntax·daemon: CONNSTATS '{"cwd":"/tmp/tigbench/synth","sections":2,"ms":148,"eld_mean_ms":12.54,"eld_p99_ms":21.84,"eld_max_ms":21.84,"rss_mb":645,"heap_mb":75,"external_mb":77,"stats":{"blob_cache_miss":2,"batcher_spawn":1,"textconv_call":1,"textconv_spawn":1,"line_cache_miss":2}}'
2026-08-10 04:00:00.590 +00:00 [INF] tig-syntax·daemon: CONNSTATS '{"cwd":"/tmp/tigbench/synth","sections":2,"ms":90,"eld_mean_ms":10.1,"eld_p99_ms":10.17,"eld_max_ms":10.17,"rss_mb":645,"heap_mb":88,"external_mb":84,"stats":{"blob_cache_hit":2,"textconv_call":1,"line_cache_miss":2}}'
2026-08-10 04:00:00.686 +00:00 [INF] tig-syntax·daemon: CONNSTATS '{"cwd":"/tmp/tigbench/synth","sections":2,"ms":90,"eld_mean_ms":10.1,"eld_p99_ms":10.13,"eld_max_ms":10.13,"rss_mb":648,"heap_mb":100,"external_mb":92,"stats":{"blob_cache_hit":2,"textconv_call":1,"line_cache_miss":2}}'
2026-08-10 04:00:00.747 +00:00 [INF] tig-syntax·daemon: CONNSTATS '{"cwd":"/tmp/tigbench/synth","sections":2,"ms":54,"eld_mean_ms":10.08,"eld_p99_ms":10.08,"eld_max_ms":10.08,"rss_mb":648,"heap_mb":75,"external_mb":88,"stats":{"blob_cache_hit":2,"textconv_call":1,"line_cache_miss":2}}'
2026-08-10 04:00:00.839 +00:00 [INF] tig-syntax·daemon: CONNSTATS '{"cwd":"/tmp/tigbench/synth","sections":2,"ms":87,"eld_mean_ms":10.1,"eld_p99_ms":10.14,"eld_max_ms":10.14,"rss_mb":648,"heap_mb":87,"external_mb":96,"stats":{"blob_cache_hit":2,"textconv_call":1,"line_cache_miss":2}}'
2026-08-10 04:00:00.932 +00:00 [INF] tig-syntax·daemon: CONNSTATS '{"cwd":"/tmp/tigbench/synth","sections":2,"ms":86,"eld_mean_ms":10.09,"eld_p99_ms":10.09,"eld_max_ms":10.09,"rss_mb":648,"heap_mb":100,"external_mb":103,"stats":{"blob_cache_hit":2,"textconv_call":1,"line_cache_miss":2}}'
